// Jest Snapshot v1, https://goo.gl/fbAQLP

exports[`Form should render the form and match the snapshot 1`] = `
<div>
  <form
    class="flex flex-col gap-2 w-full"
  >
    <label
      for="name"
    >
      <p
        class="text-xs text-slate-700 pl-1 pb-1"
      >
        Name
      </p>
      <input
        class="w-full rounded-sm p-2 border-2 focus:outline-sky-500"
        id="name"
        name="name"
        value=""
      />
    </label>
    <button
      class="bg-sky-500 text-white font-bold rounded-md px-4 py-2 hover:opacity-80 active:opacity-100 transition-all ease-linear self-start w-full"
      type="submit"
    >
       
      Submit
    </button>
  </form>
</div>
`;
