// Jest Snapshot v1, https://goo.gl/fbAQLP

exports[`Button should render and match the snapshot 1`] = `
<div>
  <button
    class="bg-green-500 text-white font-bold rounded-md px-2 py-1 hover:scale-95 active:scale-90 transition-all ease-linear"
  >
     
    Hello World!
  </button>
</div>
`;
